// Jest Snapshot v1, https://goo.gl/fbAQLP

exports[`Button should render properly 1`] = `
<div>
  <button
    class="w-auto rounded-full bg-black border border-transparent px-5 py-3 disabled:cursor-not-allowed disabled:opacity-50 text-white font-semibold hover:opacity-75 transition"
    type="button"
  />
</div>
`;
