// Jest Snapshot v1, https://goo.gl/fbAQLP

exports[`GalleryTab should render properly 1`] = `
<div>
  <button
    aria-selected="true"
    class="relative flex aspect-square cursor-pointer items-center justify-center rounded-md bg-white"
    data-headlessui-state="selected"
    id="headlessui-tabs-tab-:r0:"
    role="tab"
    tabindex="0"
    type="button"
  >
    <div>
      <span
        class="absolute h-full w-full aspect-square inset-0 overflow-hidden rounded-md"
      >
        <img
          alt=""
          class="object-cover object-center"
          data-nimg="fill"
          decoding="async"
          loading="lazy"
          sizes="100vw"
          src="/_next/image?url=https%3A%2F%2Fi.dummyjson.com%2Fdata%2Fproducts%2F1%2Fthumbnail.jpg&w=3840&q=75"
          srcset="/_next/image?url=https%3A%2F%2Fi.dummyjson.com%2Fdata%2Fproducts%2F1%2Fthumbnail.jpg&w=640&q=75 640w, /_next/image?url=https%3A%2F%2Fi.dummyjson.com%2Fdata%2Fproducts%2F1%2Fthumbnail.jpg&w=750&q=75 750w, /_next/image?url=https%3A%2F%2Fi.dummyjson.com%2Fdata%2Fproducts%2F1%2Fthumbnail.jpg&w=828&q=75 828w, /_next/image?url=https%3A%2F%2Fi.dummyjson.com%2Fdata%2Fproducts%2F1%2Fthumbnail.jpg&w=1080&q=75 1080w, /_next/image?url=https%3A%2F%2Fi.dummyjson.com%2Fdata%2Fproducts%2F1%2Fthumbnail.jpg&w=1200&q=75 1200w, /_next/image?url=https%3A%2F%2Fi.dummyjson.com%2Fdata%2Fproducts%2F1%2Fthumbnail.jpg&w=1920&q=75 1920w, /_next/image?url=https%3A%2F%2Fi.dummyjson.com%2Fdata%2Fproducts%2F1%2Fthumbnail.jpg&w=2048&q=75 2048w, /_next/image?url=https%3A%2F%2Fi.dummyjson.com%2Fdata%2Fproducts%2F1%2Fthumbnail.jpg&w=3840&q=75 3840w"
          style="position: absolute; height: 100%; width: 100%; left: 0px; top: 0px; right: 0px; bottom: 0px; color: transparent;"
        />
      </span>
      <span
        class="absolute inset-0 rounded-md ring-2 ring-offset-2 ring-black"
      />
    </div>
  </button>
</div>
`;
