// Jest Snapshot v1, https://goo.gl/fbAQLP

exports[`SearchBox should render properly 1`] = `
<div>
  <label
    class="mb-2 text-sm font-medium text-gray-900 sr-only dark:text-white"
    for="default-search"
  >
    Search
  </label>
  <div
    class="relative"
  >
    <input
      class="block w-full p-2 pl-4 text-sm text-gray-900 border border-gray-300 rounded-lg focus:ring-blue-500 focus:border-blue-500  dark:border-gray-600 dark:placeholder-gray-400 dark:focus:ring-blue-500 dark:focus:border-blue-500"
      id="default-search"
      placeholder="Search Mockups, Logos..."
      required=""
      type="search"
      value=""
    />
    <div
      class="absolute inset-y-1 right-0 flex items-center pr-3 pointer-events-cursor"
    >
      <svg
        aria-hidden="true"
        class="w-4 h-4 text-gray-500 dark:text-gray-400"
        fill="none"
        viewBox="0 0 20 20"
        xmlns="http://www.w3.org/2000/svg"
      >
        <path
          d="m19 19-4-4m0-7A7 7 0 1 1 1 8a7 7 0 0 1 14 0Z"
          stroke="currentColor"
          stroke-linecap="round"
          stroke-linejoin="round"
          stroke-width="2"
        />
      </svg>
    </div>
  </div>
</div>
`;
